[  251113ms] [WARNING] Error with Permissions-Policy header: Origin trial controlled feature not enabled: 'tools'. @ :0
[  255060ms] [LOG] %cINFO%c /usr/local/cargo/registry/src/index.crates.io-1949cf8c6b5b557f/bevy_winit-0.14.2/src/system.rs:58%c Creating new window "Pokemon Crystal Rust" (Entity { index: 0, generation: 1 }) color: whitesmoke; background: #444 color: gray; font-style: italic color: inherit @ http://localhost:3003/crystal-bevy.js:1066
[  255101ms] Error: Using exceptions for control flow, don't mind me. This isn't actually an error!
    at __wbg___wbindgen_throw_344f42d3211c4765 (http://localhost:3003/crystal-bevy.js:106:19)
    at http://localhost:3003/crystal-bevy_bg.wasm:wasm-function[113680]:0x12d4b89
    at http://localhost:3003/crystal-bevy_bg.wasm:wasm-function[110977]:0x12cdcef
    at http://localhost:3003/crystal-bevy_bg.wasm:wasm-function[107326]:0x12c0f6a
    at http://localhost:3003/crystal-bevy_bg.wasm:wasm-function[35042]:0xf46509
    at http://localhost:3003/crystal-bevy_bg.wasm:wasm-function[1839]:0x5a1575
    at http://localhost:3003/crystal-bevy_bg.wasm:wasm-function[66600]:0x11b1775
    at http://localhost:3003/crystal-bevy_bg.wasm:wasm-function[48852]:0x1092420
    at http://localhost:3003/crystal-bevy_bg.wasm:wasm-function[30675]:0xebf369
    at http://localhost:3003/crystal-bevy_bg.wasm:wasm-function[657]:0x2a711f
[  255115ms] [LOG] %cINFO%c /usr/local/cargo/registry/src/index.crates.io-1949cf8c6b5b557f/bevy_render-0.14.2/src/renderer/mod.rs:189%c AdapterInfo { name: "ANGLE (Apple, ANGLE Metal Renderer: Apple M5, Unspecified Version)", vendor: 4203, device: 0, device_type: IntegratedGpu, driver: "WebGL 2.0 (OpenGL ES", driver_info: "3.0 Chromium)", backend: Gl } color: whitesmoke; background: #444 color: gray; font-style: italic color: inherit @ http://localhost:3003/crystal-bevy.js:1066
[  255256ms] [LOG] %cINFO%c /usr/local/cargo/registry/src/index.crates.io-1949cf8c6b5b557f/bevy_core_pipeline-0.14.2/src/dof/mod.rs:799%c Disabling depth of field on this platform because depth textures aren't supported correctly color: whitesmoke; background: #444 color: gray; font-style: italic color: inherit @ http://localhost:3003/crystal-bevy.js:1066
[  895633ms] [ERROR] WebSocket is already in CLOSING or CLOSED state. @ http://localhost:3003/crystal-bevy.js:1444
[  895635ms] [LOG] %cERROR%c crates/crystal-bevy/src/bevy_shell.rs:1797%c visible runtime error error = advance hosted multiplayer; color: red; background: #444 color: gray; font-style: italic color: inherit @ http://localhost:3003/crystal-bevy.js:1066
[  897248ms] [WARNING] Error with Permissions-Policy header: Origin trial controlled feature not enabled: 'tools'. @ :0
[  898824ms] [LOG] %cINFO%c /usr/local/cargo/registry/src/index.crates.io-1949cf8c6b5b557f/bevy_winit-0.14.2/src/system.rs:58%c Creating new window "Pokemon Crystal Rust" (Entity { index: 0, generation: 1 }) color: whitesmoke; background: #444 color: gray; font-style: italic color: inherit @ http://localhost:3003/crystal-bevy.js:1066
[  898828ms] Error: Using exceptions for control flow, don't mind me. This isn't actually an error!
    at __wbg___wbindgen_throw_344f42d3211c4765 (http://localhost:3003/crystal-bevy.js:106:19)
    at http://localhost:3003/crystal-bevy_bg.wasm:wasm-function[113683]:0x12d4cf0
    at http://localhost:3003/crystal-bevy_bg.wasm:wasm-function[110980]:0x12cde56
    at http://localhost:3003/crystal-bevy_bg.wasm:wasm-function[107329]:0x12c10d1
    at http://localhost:3003/crystal-bevy_bg.wasm:wasm-function[35043]:0xf465e8
    at http://localhost:3003/crystal-bevy_bg.wasm:wasm-function[1839]:0x5a15bb
    at http://localhost:3003/crystal-bevy_bg.wasm:wasm-function[66602]:0x11b18b4
    at http://localhost:3003/crystal-bevy_bg.wasm:wasm-function[48854]:0x109255f
    at http://localhost:3003/crystal-bevy_bg.wasm:wasm-function[30676]:0xebf448
    at http://localhost:3003/crystal-bevy_bg.wasm:wasm-function[657]:0x2a7165
[  898841ms] [LOG] %cINFO%c /usr/local/cargo/registry/src/index.crates.io-1949cf8c6b5b557f/bevy_render-0.14.2/src/renderer/mod.rs:189%c AdapterInfo { name: "ANGLE (Apple, ANGLE Metal Renderer: Apple M5, Unspecified Version)", vendor: 4203, device: 0, device_type: IntegratedGpu, driver: "WebGL 2.0 (OpenGL ES", driver_info: "3.0 Chromium)", backend: Gl } color: whitesmoke; background: #444 color: gray; font-style: italic color: inherit @ http://localhost:3003/crystal-bevy.js:1066
[  898897ms] [LOG] %cINFO%c /usr/local/cargo/registry/src/index.crates.io-1949cf8c6b5b557f/bevy_core_pipeline-0.14.2/src/dof/mod.rs:799%c Disabling depth of field on this platform because depth textures aren't supported correctly color: whitesmoke; background: #444 color: gray; font-style: italic color: inherit @ http://localhost:3003/crystal-bevy.js:1066
